.omo/evidence/phase8-presentation-completion/task-7/done-claim.md
.omo/evidence/phase8-presentation-completion/task-7/git-commit-tree-paths.log
.omo/evidence/phase8-presentation-completion/task-7/hash-fix/dgx/scp-patch.log
.omo/evidence/phase8-presentation-completion/task-7/hash-fix/dgx/todo7-hash-fix-owned-code.patch
.omo/evidence/phase8-presentation-completion/task-7/hash-fix/dgx/worldAssetRelease.ffmpeg.hash-final.log
.omo/evidence/phase8-presentation-completion/task-7/hash-fix/git-commit-tree-paths.log
.omo/evidence/phase8-presentation-completion/task-7/hash-fix/green/build.hash-final.log
.omo/evidence/phase8-presentation-completion/task-7/hash-fix/green/diff-check.hash-final.log
.omo/evidence/phase8-presentation-completion/task-7/hash-fix/green/generateWorldAssets.hash-final.log
.omo/evidence/phase8-presentation-completion/task-7/hash-fix/green/typecheck.hash-final.log
.omo/evidence/phase8-presentation-completion/task-7/hash-fix/green/worldAssetManifest.hash-final.log
.omo/evidence/phase8-presentation-completion/task-7/hash-fix/green/worldAssetManifest.hash-green.log
.omo/evidence/phase8-presentation-completion/task-7/hash-fix/green/worldAssetRelease.filename-slice.hash-final.log
.omo/evidence/phase8-presentation-completion/task-7/hash-fix/manual/synthetic-bad-dimension.hash-final.log
.omo/evidence/phase8-presentation-completion/task-7/hash-fix/manual/synthetic-bad-hash.hash-final.log
.omo/evidence/phase8-presentation-completion/task-7/hash-fix/manual/synthetic-bad-hash.summary.log
.omo/evidence/phase8-presentation-completion/task-7/hash-fix/manual/synthetic-exact-set.hash-final.log
.omo/evidence/phase8-presentation-completion/task-7/hash-fix/manual/synthetic-missing-file.hash-final.log
.omo/evidence/phase8-presentation-completion/task-7/hash-fix/manual/synthetic-mutations.summary.log
.omo/evidence/phase8-presentation-completion/task-7/hash-fix/manual/synthetic-valid.hash-final.log
.omo/evidence/phase8-presentation-completion/task-7/hash-fix/red/worldAssetManifest.hash-red.log
.omo/evidence/phase8-presentation-completion/task-7/manual/syntheticVerifierCli.ts
scripts/worldAssetManifest.ts
tests/worldAssetManifest.test.ts
tests/worldAssetRelease.test.ts
