package-lock.json: OK
package.json: OK
src/App.tsx: OK
src/agents/carterTravelCost.ts: OK
src/agents/constructionReturnDestination.ts: OK
src/agents/delivery.ts: OK
src/agents/deliveryBuildingCandidates.ts: OK
src/agents/deliveryCommon.ts: OK
src/agents/deliveryConstruction.ts: OK
src/agents/deliveryOutbound.ts: OK
src/agents/deliveryReturn.ts: OK
src/agents/deliverySpawn.ts: OK
src/agents/deliveryStep.ts: OK
src/agents/deliveryTypes.ts: OK
src/agents/materialActivity.ts: OK
src/agents/millPush.ts: OK
src/agents/movement.ts: OK
src/agents/roaming.ts: OK
src/agents/roamingCommon.ts: OK
src/agents/roamingDemand.ts: OK
src/agents/roamingService.ts: OK
src/agents/roamingSpawn.ts: OK
src/agents/roamingStep.ts: OK
src/agents/roamingTypes.ts: OK
src/agents/wading.ts: OK
src/agents/walker.types.ts: OK
src/audio/audioCopy.ko.ts: OK
src/audio/audioEngine.ts: OK
src/audio/soundDirector.ts: OK
src/content/aleConfig.ts: OK
src/content/aleCopy.ko.ts: OK
src/content/arableConfig.ts: OK
src/content/backyardConfig.ts: OK
src/content/balanceConfig.ts: OK
src/content/buildingCatalog.ko.ts: OK
src/content/buildingCatalog.ts: OK
src/content/buildingConfig.ts: OK
src/content/chapterConfig.ts: OK
src/content/clothConfig.ts: OK
src/content/crafts/brew_ale.json: OK
src/content/crafts/craftDefinitions.ts: OK
src/content/crafts/spin_yarn.json: OK
src/content/diplomacyConfig.ts: OK
src/content/drainageConfig.ts: OK
src/content/eraConfig.ts: OK
src/content/estateConfig.ts: OK
src/content/eventConfig.ts: OK
src/content/factionConfig.ts: OK
src/content/factionCopy.ko.ts: OK
src/content/gentryNames.ts: OK
src/content/historyCopy.ko.ts: OK
src/content/houseFoodConfig.ts: OK
src/content/houseVariantConfig.ts: OK
src/content/housingConfig.ts: OK
src/content/landConfig.ts: OK
src/content/legacyConfig.ts: OK
src/content/legacyCopy.ko.ts: OK
src/content/locale.ko.ts: OK
src/content/lordSliceConfig.ts: OK
src/content/lordshipConfig.ts: OK
src/content/moneyCopy.ko.ts: OK
src/content/palette.ts: OK
src/content/personNames.ko.ts: OK
src/content/personNames.ts: OK
src/content/personTraits.ts: OK
src/content/petitionChoices.ko.ts: OK
src/content/plagueConfig.ts: OK
src/content/portraitPool.ts: OK
src/content/pressureCopy.ko.ts: OK
src/content/random.ts: OK
src/content/registry/draftEvents.ts: OK
src/content/registry/homePetitions.ts: OK
src/content/registry/registryCopy.ko.ts: OK
src/content/registry/registryEntries.ts: OK
src/content/registry/registryTypes.ts: OK
src/content/reorganisationConfig.ts: OK
src/content/resourceCatalog.ko.ts: OK
src/content/resourceCatalog.ts: OK
src/content/resourceConfig.ts: OK
src/content/saveCopy.ko.ts: OK
src/content/scenario/archetypes.ts: OK
src/content/scenario/coreScenarios.ts: OK
src/content/scenario/registry.ts: OK
src/content/scenario/scenarioCopy.ko.ts: OK
src/content/scenario/types.ts: OK
src/content/seedHash.ts: OK
src/content/settlementConfig.ts: OK
src/content/stewardshipConfig.ts: OK
src/content/terrainConfig.ts: OK
src/content/timberTradeConfig.ts: OK
src/content/townAgencyConfig.ts: OK
src/content/trades.ko.ts: OK
src/content/trades.ts: OK
src/content/wallConstructionConfig.ts: OK
src/content/warConfig.ts: OK
src/content/zoneConfig.ts: OK
src/contracts/effects.ts: OK
src/contracts/index.ts: OK
src/contracts/types.ts: OK
src/domain/constructionSite.ts: OK
src/domain/palisadeConstructionSchedule.ts: OK
src/domain/wallReserve.ts: OK
src/economy/construction.ts: OK
src/economy/constructionSiteAccessors.ts: OK
src/economy/constructionSites.ts: OK
src/economy/demand.ts: OK
src/economy/economy.types.ts: OK
src/economy/palisadeConstruction.ts: OK
src/economy/production.ts: OK
src/economy/storage.ts: OK
src/engine/ale.ts: OK
src/engine/ale.types.ts: OK
src/engine/archetype.ts: OK
src/engine/autoPause.ts: OK
src/engine/autoplay.ts: OK
src/engine/autoplay.types.ts: OK
src/engine/autoplayActions.ts: OK
src/engine/autoplayArable.ts: OK
src/engine/autoplayBarnMill.ts: OK
src/engine/autoplayBotRecovery.ts: OK
src/engine/autoplayCivicReserve.ts: OK
src/engine/autoplayCloth.ts: OK
src/engine/autoplayConstructionLogistics.ts: OK
src/engine/autoplayConstructionRoads.ts: OK
src/engine/autoplayConstructionRoute.ts: OK
src/engine/autoplayConstructionSources.ts: OK
src/engine/autoplayCrossing.ts: OK
src/engine/autoplayDistributionRoads.ts: OK
src/engine/autoplayEra.ts: OK
src/engine/autoplayEvents.ts: OK
src/engine/autoplayExpansion.ts: OK
src/engine/autoplayFood.ts: OK
src/engine/autoplayFoodBottleneck.ts: OK
src/engine/autoplayFoodCoverage.ts: OK
src/engine/autoplayFoodDeliveryCapacity.ts: OK
src/engine/autoplayFoodDiagnostic.ts: OK
src/engine/autoplayFoodEfficiency.ts: OK
src/engine/autoplayFoodEntrance.ts: OK
src/engine/autoplayFoodFlow.ts: OK
src/engine/autoplayFoodLimits.ts: OK
src/engine/autoplayFoodMeasuredDecision.ts: OK
src/engine/autoplayFoodPlacement.ts: OK
src/engine/autoplayFoodRoutes.ts: OK
src/engine/autoplayFoodThroughput.ts: OK
src/engine/autoplayFoodTransient.ts: OK
src/engine/autoplayFoodTransientCoverage.ts: OK
src/engine/autoplayFoodTransientMeals.ts: OK
src/engine/autoplayFoodTransport.ts: OK
src/engine/autoplayInteriorPlots.ts: OK
src/engine/autoplayMaterialCandidates.ts: OK
src/engine/autoplayMaterialCycle.ts: OK
src/engine/autoplayMaterialEpisode.ts: OK
src/engine/autoplayMaterialLifecycle.ts: OK
src/engine/autoplayMaterialObservation.ts: OK
src/engine/autoplayMaterialOpportunity.ts: OK
src/engine/autoplayMaterialParse.ts: OK
src/engine/autoplayMaterialRecovery.ts: OK
src/engine/autoplayMaterialRoutes.ts: OK
src/engine/autoplayMaterialTypes.ts: OK
src/engine/autoplayMillReplenishment.ts: OK
src/engine/autoplayNetworkRoads.ts: OK
src/engine/autoplayRecurringDelivery.ts: OK
src/engine/autoplayRecurringDeliveryRoutes.ts: OK
src/engine/autoplayRecurringDeliveryStaffing.ts: OK
src/engine/autoplayRoadPrefix.ts: OK
src/engine/autoplaySearchBudget.ts: OK
src/engine/autoplayServiceAccess.ts: OK
src/engine/autoplayServiceBudget.ts: OK
src/engine/autoplayServiceCandidates.ts: OK
src/engine/autoplayServiceRoadPlans.ts: OK
src/engine/autoplayServiceSpace.ts: OK
src/engine/autoplayServiceSpaceRoutes.ts: OK
src/engine/autoplayServiceSpaceWitness.ts: OK
src/engine/autoplayServices.ts: OK
src/engine/autoplaySetback.ts: OK
src/engine/autoplayStorageRecovery.ts: OK
src/engine/autoplayTimberDemand.ts: OK
src/engine/autoplayTimberRecovery.ts: OK
src/engine/autoplayWallRoom.ts: OK
src/engine/autoplayWallSpace.ts: OK
src/engine/autoplayWater.ts: OK
src/engine/autoplayWheatTransportRecovery.ts: OK
src/engine/autoplayWinterReserve.ts: OK
src/engine/autoplayZones.ts: OK
src/engine/campaignChronicle.ts: OK
src/engine/cloth.ts: OK
src/engine/constructionCancellation.ts: OK
src/engine/constructionCancellationRefunds.ts: OK
src/engine/constructionExportReserve.ts: OK
src/engine/constructionLifecycle.ts: OK
src/engine/constructionReserve.ts: OK
src/engine/decisionForecast.ts: OK
src/engine/diplomacy.types.ts: OK
src/engine/distributorAccess.ts: OK
src/engine/drainage.ts: OK
src/engine/engine.types.ts: OK
src/engine/era.ts: OK
src/engine/estateSuits.ts: OK
src/engine/estates.ts: OK
src/engine/estates.types.ts: OK
src/engine/eventSchedule.ts: OK
src/engine/events.ts: OK
src/engine/events.types.ts: OK
src/engine/faction.types.ts: OK
src/engine/factions.ts: OK
src/engine/famineRelief.ts: OK
src/engine/famineSale.ts: OK
src/engine/fire.ts: OK
src/engine/foodShortage.ts: OK
src/engine/forestHarvests.ts: OK
src/engine/frameClock.ts: OK
src/engine/gameActions.ts: OK
src/engine/heredity.ts: OK
src/engine/history.ts: OK
src/engine/history.types.ts: OK
src/engine/historyNames.ts: OK
src/engine/historySnapshot.ts: OK
src/engine/houseDemolition.ts: OK
src/engine/houseMerge.ts: OK
src/engine/householdLabour.ts: OK
src/engine/householdServices.ts: OK
src/engine/labourDemand.ts: OK
src/engine/land.ts: OK
src/engine/legacy.ts: OK
src/engine/legacy.types.ts: OK
src/engine/lordBot.ts: OK
src/engine/lordSlice.ts: OK
src/engine/lordship.ts: OK
src/engine/lordship.types.ts: OK
src/engine/lordshipState.ts: OK
src/engine/marketService.ts: OK
src/engine/marketSettlement.ts: OK
src/engine/marriage.ts: OK
src/engine/money.types.ts: OK
src/engine/moneyRules.ts: OK
src/engine/moneyValidation.ts: OK
src/engine/negotiation.ts: OK
src/engine/palisade.ts: OK
src/engine/palisadeExpansion.ts: OK
src/engine/palisadeExteriorGate.ts: OK
src/engine/palisadeFootprints.ts: OK
src/engine/palisadeGates.ts: OK
src/engine/palisadeRouteAccess.ts: OK
src/engine/palisadeSegments.ts: OK
src/engine/pastureWool.ts: OK
src/engine/persons.ts: OK
src/engine/persons.types.ts: OK
src/engine/personsApi.ts: OK
src/engine/placementLedger.ts: OK
src/engine/plague.ts: OK
src/engine/plague.types.ts: OK
src/engine/politics.ts: OK
src/engine/politics.types.ts: OK
src/engine/portraits.ts: OK
src/engine/prng.ts: OK
src/engine/registry.ts: OK
src/engine/registry.types.ts: OK
src/engine/reorganisation.ts: OK
src/engine/reorganisation.types.ts: OK
src/engine/reserveDeadlock.ts: OK
src/engine/roadAccess.ts: OK
src/engine/roadPlacement.ts: OK
src/engine/routing.ts: OK
src/engine/scenarioState.ts: OK
src/engine/season.types.ts: OK
src/engine/seasonPressure.ts: OK
src/engine/serviceMeasure.ts: OK
src/engine/settlement.types.ts: OK
src/engine/settlementMetrics.ts: OK
src/engine/settlementProgress.ts: OK
src/engine/settlementView.ts: OK
src/engine/simulationPorts.ts: OK
src/engine/simulationProduction.ts: OK
src/engine/stewardship.ts: OK
src/engine/stewardship.types.ts: OK
src/engine/stuckStock.ts: OK
src/engine/tick.ts: OK
src/engine/timberTrade.ts: OK
src/engine/tollCrossings.ts: OK
src/engine/townAgency.ts: OK
src/engine/townAgency.types.ts: OK
src/engine/townAgencyDues.ts: OK
src/engine/trades.ts: OK
src/engine/trades.types.ts: OK
src/engine/wallCarryRoute.ts: OK
src/engine/war.ts: OK
src/engine/war.types.ts: OK
src/geometry/buildingDistance.ts: OK
src/geometry/buildingFootprint.ts: OK
src/geometry/palisadeProtection.ts: OK
src/geometry/tileGeometry.ts: OK
src/input/controllerActions.ts: OK
src/input/domInputBindings.ts: OK
src/input/gamepadTranslator.ts: OK
src/input/inputDevice.ts: OK
src/input/inputIntent.ts: OK
src/input/intentBus.ts: OK
src/input/mouseKeyboardTranslator.ts: OK
src/input/touchTranslator.ts: OK
src/input/useAppIntents.ts: OK
src/ledger/ledger.ts: OK
src/ledger/ledger.types.ts: OK
src/ledger/ledgerCopy.ko.ts: OK
src/ledger/ledgerValidation.ts: OK
src/ledger/ledgerView.ts: OK
src/ledger/moneyWords.ko.ts: OK
src/main.tsx: OK
src/platform/PlatformServices.ts: OK
src/platform/indexedDbSaveStorage.ts: OK
src/platform/memoryPlatform.ts: OK
src/platform/platform.ts: OK
src/platform/saveStoragePlatform.ts: OK
src/platform/webPlatform.ts: OK
src/population/builderLabourWalkers.ts: OK
src/population/eraLabour.ts: OK
src/population/foodReserve.ts: OK
src/population/houseCondition.ts: OK
src/population/houseFood.ts: OK
src/population/housePressure.ts: OK
src/population/householdMembers.ts: OK
src/population/householdSlots.ts: OK
src/population/housing.ts: OK
src/population/labour.ts: OK
src/population/marketAccess.ts: OK
src/population/population.types.ts: OK
src/population/serviceAllocation.ts: OK
src/render/BoundaryRenderToggle.tsx: OK
src/render/BuildingInspector.tsx: OK
src/render/DiagnosticCard.tsx: OK
src/render/GameCanvas.tsx: OK
src/render/PlacementPaletteToggle.tsx: OK
src/render/PresentationToggle.tsx: OK
src/render/RenderScaleToggle.tsx: OK
src/render/adjacentTerrainNeed.ts: OK
src/render/aleWorldArt.ts: OK
src/render/alehouseCrowd.ts: OK
src/render/animalScale.ts: OK
src/render/animatedMill.ts: OK
src/render/archetypeGroundDraw.ts: OK
src/render/archetypeGroundModel.ts: OK
src/render/archetypeGroundRegions.ts: OK
src/render/autoplayPulseRuntime.ts: OK
src/render/backyardDecals.ts: OK
src/render/boundaryAssetManifest.ts: OK
src/render/boundaryAssets.ts: OK
src/render/boundaryRenderCopy.ko.ts: OK
src/render/bridgeWaterAssets.ts: OK
src/render/bridgeWaterKit.ts: OK
src/render/buildingContactShadow.ts: OK
src/render/buildingFallbackShapes.ts: OK
src/render/buildingFrontage.ts: OK
src/render/buildingInspectorCopy.ko.ts: OK
src/render/buildingInspectorModel.ts: OK
src/render/buildingMaterialWave.ts: OK
src/render/buildingNameChip.ts: OK
src/render/buildingOverlays.ts: OK
src/render/buildingSpriteFit.generated.ts: OK
src/render/buildingSpriteFit.ts: OK
src/render/buildingSprites.ts: OK
src/render/buildingVariantAssets.ts: OK
src/render/buildingVariantManifest.ts: OK
src/render/buildingVariantOverlay.generated.ts: OK
src/render/buildingVariants.ts: OK
src/render/buildingVisualState.ts: OK
src/render/camera.ts: OK
src/render/cancelRoadPreview.ts: OK
src/render/canvasBudget.ts: OK
src/render/canvasClickResolution.ts: OK
src/render/canvasClickRuntime.ts: OK
src/render/canvasContextMenuHandler.ts: OK
src/render/canvasContextMenuResolution.ts: OK
src/render/canvasDragResolution.ts: OK
src/render/canvasDrainRuntime.ts: OK
src/render/canvasHoverRuntime.ts: OK
src/render/canvasIntentHandler.ts: OK
src/render/canvasKeyboardResolution.ts: OK
src/render/canvasKeyboardTarget.ts: OK
src/render/canvasPalisadeDraftRuntime.ts: OK
src/render/canvasRuntime.ts: OK
src/render/canvasRuntimeFrame.ts: OK
src/render/canvasRuntimeRefs.ts: OK
src/render/canvasZoneBrushRuntime.ts: OK
src/render/causeMapInteraction.ts: OK
src/render/causeMapOverlay.ts: OK
src/render/causeMarkerLayout.ts: OK
src/render/chapterArt.ts: OK
src/render/clothWorkerSheet.ts: OK
src/render/clothWorldArt.ts: OK
src/render/collectorWalker.ts: OK
src/render/constructionAccessOverlay.ts: OK
src/render/constructionArtAssets.ts: OK
src/render/constructionCompletionEffects.ts: OK
src/render/constructionCrewLinks.ts: OK
src/render/constructionGhost.ts: OK
src/render/constructionInterpolation.ts: OK
src/render/constructionKits.ts: OK
src/render/constructionMoments.ts: OK
src/render/constructionPlaque.ts: OK
src/render/constructionPlaqueCopy.ko.ts: OK
src/render/constructionRenderItems.ts: OK
src/render/constructionSiteLabelLayout.ts: OK
src/render/constructionStageBands.ts: OK
src/render/constructionTagProbe.ts: OK
src/render/constructionVisibility.ts: OK
src/render/countrysideArt.ts: OK
src/render/countrysideDraw.ts: OK
src/render/countrysideLand.ts: OK
src/render/countrysideLayout.ts: OK
src/render/demolitionMoments.ts: OK
src/render/diagnosticCardCopy.ko.ts: OK
src/render/diagnosticOverlays.ts: OK
src/render/diagnosticPathOverlay.ts: OK
src/render/doorProps.ts: OK
src/render/drawArableFields.ts: OK
src/render/drawBackyardDecals.ts: OK
src/render/drawBridges.ts: OK
src/render/drawBuildingDetails.ts: OK
src/render/drawBuildingGrounds.ts: OK
src/render/drawBuildings.ts: OK
src/render/drawConstructionSites.ts: OK
src/render/drawGroundBoundaries.ts: OK
src/render/drawObjectRenderItems.ts: OK
src/render/drawPalisadeConstructionSites.ts: OK
src/render/drawPalisadeSegments.ts: OK
src/render/drawRoadRibbons.ts: OK
src/render/drawShoreline.ts: OK
src/render/drawTerrain.ts: OK
src/render/drawTerrainBoundaryV2.ts: OK
src/render/drawTerrainDetails.ts: OK
src/render/drawTerrainSeams.ts: OK
src/render/drawTrees.ts: OK
src/render/drawWalkers.ts: OK
src/render/drawWallFaces.ts: OK
src/render/drawWater.ts: OK
src/render/drawWaterMotion.ts: OK
src/render/drawYardProps.ts: OK
src/render/drawZones.ts: OK
src/render/economyOverlays.ts: OK
src/render/farmProps.ts: OK
src/render/farmsteadArt.ts: OK
src/render/footpathDraw.ts: OK
src/render/footpathModel.ts: OK
src/render/forestFringeGeometry.ts: OK
src/render/gameCanvasFrame.ts: OK
src/render/gameCanvasRuntimeInput.ts: OK
src/render/gateArtAssets.ts: OK
src/render/gateArtGeometry.ts: OK
src/render/gateArtRenderer.ts: OK
src/render/gateCornerModules.ts: OK
src/render/gatePortalBranches.ts: OK
src/render/granaryVariantChoice.ts: OK
src/render/groundBoundaryScene.ts: OK
src/render/groundChunkCache.ts: OK
src/render/groundCoverLayout.ts: OK
src/render/groundCoverProtection.ts: OK
src/render/groundSceneBuild.ts: OK
src/render/groundSceneParts.ts: OK
src/render/historicalFacilityAssets.ts: OK
src/render/historicalFacilityManifest.ts: OK
src/render/historicalHouseAssetManifest.generated.ts: OK
src/render/historicalHouseAssets.ts: OK
src/render/houseCompound.ts: OK
src/render/houseCompoundAssetManifest.generated.ts: OK
src/render/houseCompoundAssets.ts: OK
src/render/houseConditionArt.generated.ts: OK
src/render/houseConditionArt.ts: OK
src/render/houseConditionOverlay.ts: OK
src/render/houseFrontage.ts: OK
src/render/houseVariantChoice.ts: OK
src/render/hurdleArt.ts: OK
src/render/imageOpaqueBounds.ts: OK
src/render/interactions.ts: OK
src/render/iso.ts: OK
src/render/landEdgeBand.ts: OK
src/render/landRegionWarp.ts: OK
src/render/landRockRegions.ts: OK
src/render/landStageItems.ts: OK
src/render/landStageModel.ts: OK
src/render/landWorksDraw.ts: OK
src/render/landWorksIndex.ts: OK
src/render/landWorksModel.ts: OK
src/render/lifeClock.ts: OK
src/render/manifestArt.ts: OK
src/render/mapCursor.ts: OK
src/render/minimapCameraJump.ts: OK
src/render/objectRenderOrder.ts: OK
src/render/objectRenderSort.ts: OK
src/render/objectRenderTypes.ts: OK
src/render/objectRenderViewMode.ts: OK
src/render/occlusionModel.ts: OK
src/render/onboardingGuidanceOverlay.ts: OK
src/render/organicRoadGeometry.ts: OK
src/render/overlays.ts: OK
src/render/palisadeDraftInteraction.ts: OK
src/render/palisadeDraftOverlay.ts: OK
src/render/palisadeObjectRenderItems.ts: OK
src/render/palisadeRenderGeometry.ts: OK
src/render/palisadeRoutePreviewOverlay.ts: OK
src/render/picking.ts: OK
src/render/pixelFacts.generated.ts: OK
src/render/placementFeedback.ts: OK
src/render/placementFeedbackCopy.ko.ts: OK
src/render/placementFeedbackOverlay.ts: OK
src/render/placementPaletteCopy.ko.ts: OK
src/render/placementPaletteFlag.ts: OK
src/render/placementPredictionOverlay.ts: OK
src/render/placementPredictionRuntime.ts: OK
src/render/placementTileMarks.ts: OK
src/render/placementTileOverlay.ts: OK
src/render/placementToolCycle.ts: OK
src/render/plagueWorldProps.ts: OK
src/render/preloadGameArt.ts: OK
src/render/presentation/presentedState.ts: OK
src/render/presentation/residentTrips.ts: OK
src/render/presentation/residentWalkerState.ts: OK
src/render/presentationPreferenceCopy.ko.ts: OK
src/render/presentationPreferences.ts: OK
src/render/presentationSpeed.ts: OK
src/render/rasterDrawBounds.ts: OK
src/render/renderBoundaryFlag.ts: OK
src/render/renderMotion.ts: OK
src/render/renderObjectFrameCache.ts: OK
src/render/renderScaleCopy.ko.ts: OK
src/render/renderStageProbe.ts: OK
src/render/renderVisibility.ts: OK
src/render/renderWallStripsFlag.ts: OK
src/render/renderer.ts: OK
src/render/reorgWorldProps.ts: OK
src/render/roadInteractionAttempts.ts: OK
src/render/roadReadabilityOverlay.ts: OK
src/render/roadRibbonStyle.ts: OK
src/render/roofSmoke.ts: OK
src/render/roofSmokeAnchors.generated.ts: OK
src/render/runtimeActorAssets.ts: OK
src/render/runtimeActorManifest.generated.ts: OK
src/render/runtimeAssetCoordinates.ts: OK
src/render/runtimeAssetDerivatives.generated.ts: OK
src/render/seasonArt.ts: OK
src/render/seasonArtManifest.generated.ts: OK
src/render/seasonFx.ts: OK
src/render/seasonGround.ts: OK
src/render/seasonTransition.ts: OK
src/render/seasonalDecals.ts: OK
src/render/selectionOcclusion.ts: OK
src/render/signalPersistence.ts: OK
src/render/spriteMipCache.ts: OK
src/render/stockPiles.ts: OK
src/render/stoneWallAssets.ts: OK
src/render/stoneWallFallbackGeometry.ts: OK
src/render/stoneWallGeometry.ts: OK
src/render/stoneWallMasonry.ts: OK
src/render/stoneWallNodeGeometry.ts: OK
src/render/stoneWallRenderer.ts: OK
src/render/stoneWallTopology.ts: OK
src/render/storehouseSnowArt.ts: OK
src/render/storehouseSnowManifest.generated.ts: OK
src/render/storyWorldProps.ts: OK
src/render/stripJoin.ts: OK
src/render/stumpRenderItems.ts: OK
src/render/style.ts: OK
src/render/terrainDetails.ts: OK
src/render/terrainPatterns.ts: OK
src/render/terrainVariantAssets.ts: OK
src/render/terrainVariantManifest.ts: OK
src/render/timberGateGeometry.ts: OK
src/render/timberGateRenderer.ts: OK
src/render/timberWallAssets.ts: OK
src/render/townLandscape.ts: OK
src/render/townLandscapeAssets.ts: OK
src/render/townLandscapeManifest.generated.ts: OK
src/render/townPlanOverlay.ts: OK
src/render/treeLayout.ts: OK
src/render/useGameCanvasRuntime.ts: OK
src/render/useGameCanvasRuntimeRefs.ts: OK
src/render/villageLife.ts: OK
src/render/villageLifeDraw.ts: OK
src/render/visibilityArtManifest.ts: OK
src/render/walkerAnchor.ts: OK
src/render/walkerComposer.ts: OK
src/render/walkerInterpolation.ts: OK
src/render/walkerLook.ts: OK
src/render/walkerOcclusion.ts: OK
src/render/walkerPresentation.ts: OK
src/render/walkerProceduralSprite.ts: OK
src/render/walkerRoadAlignment.ts: OK
src/render/walkerSheetManifest.generated.ts: OK
src/render/walkerWarmup.ts: OK
src/render/wallBaselineCache.ts: OK
src/render/wallFaceJoints.ts: OK
src/render/wallInspectorCopy.ko.ts: OK
src/render/wallInspectorModel.ts: OK
src/render/wallOcclusionEdges.ts: OK
src/render/wallSiteLabels.ts: OK
src/render/warWorldProps.ts: OK
src/render/waterMotionArt.ts: OK
src/render/waterMotionModel.ts: OK
src/render/waterMotionPaths.ts: OK
src/render/waterMotionPlacement.ts: OK
src/render/waterRiverFlow.ts: OK
src/render/waterShoreBand.ts: OK
src/render/wave11Art.ts: OK
src/render/wave11ArtManifest.generated.ts: OK
src/render/wave12GuildhallManifest.generated.ts: OK
src/render/wave17WalkerManifest.generated.ts: OK
src/render/wave17WorldManifest.generated.ts: OK
src/render/wave22GroundManifest.generated.ts: OK
src/render/wave23ArtManifest.generated.ts: OK
src/render/wave26HouseArt.ts: OK
src/render/wave26HouseManifest.generated.ts: OK
src/render/wave27YardManifest.generated.ts: OK
src/render/wave28CountryManifest.generated.ts: OK
src/render/wave29WaterManifest.generated.ts: OK
src/render/wave30PairHouseManifest.generated.ts: OK
src/render/wave32GranaryArt.ts: OK
src/render/wave32GranaryManifest.generated.ts: OK
src/render/wave34Art.ts: OK
src/render/wave34WorksManifest.generated.ts: OK
src/render/wave3AleArt.ts: OK
src/render/wave3AleManifest.generated.ts: OK
src/render/wave3ClothArt.ts: OK
src/render/wave3ClothManifest.generated.ts: OK
src/render/wave41LandManifest.generated.ts: OK
src/render/wave42StageArt.ts: OK
src/render/wave42StageManifest.generated.ts: OK
src/render/wave7Art.ts: OK
src/render/wave7ArtManifest.generated.ts: OK
src/render/wave9Art.ts: OK
src/render/wave9ArtManifest.generated.ts: OK
src/render/weatherArt.ts: OK
src/render/weatherLayers.ts: OK
src/render/weatherOverlay.ts: OK
src/render/weatherPlacement.ts: OK
src/render/weatherProof.ts: OK
src/render/wetSummer.ts: OK
src/render/worldAssetManifest.generated.ts: OK
src/render/worldAssetScaleCache.ts: OK
src/render/worldAssets.ts: OK
src/render/worldBackdrop.ts: OK
src/render/worldRasterCache.ts: OK
src/render/worldSelection.ts: OK
src/render/worldSigns.ts: OK
src/render/worldSprite.ts: OK
src/render/worldSpriteDiagnostics.ts: OK
src/render/worldSpriteRaster.ts: OK
src/render/zoneAssetManifest.ts: OK
src/render/zoneAssets.ts: OK
src/render/zoneBrushCopy.ko.ts: OK
src/render/zoneBrushInteraction.ts: OK
src/render/zoneBrushOverlay.ts: OK
src/render/zoneEditHistory.ts: OK
src/render/zoneLayer.ts: OK
src/render/zonePaintableLand.ts: OK
src/render/zonePropSprites.ts: OK
src/save/autosavePolicy.ts: OK
src/save/gameVersion.ts: OK
src/save/migrations/index.ts: OK
src/save/migrations/v0ToV1.ts: OK
src/save/migrations/v10ToV11.ts: OK
src/save/migrations/v11ToV12.ts: OK
src/save/migrations/v12ToV13.ts: OK
src/save/migrations/v13ToV14.ts: OK
src/save/migrations/v14ToV15.ts: OK
src/save/migrations/v15ToV16.ts: OK
src/save/migrations/v16ToV17.ts: OK
src/save/migrations/v17ToV18.ts: OK
src/save/migrations/v18ToV19.ts: OK
src/save/migrations/v19ToV20.ts: OK
src/save/migrations/v1ToV2.ts: OK
src/save/migrations/v20ToV21.ts: OK
src/save/migrations/v21ToV22.ts: OK
src/save/migrations/v22ToV23.ts: OK
src/save/migrations/v23ToV24.ts: OK
src/save/migrations/v24ToV25.ts: OK
src/save/migrations/v25ToV26.ts: OK
src/save/migrations/v26ToV27.ts: OK
src/save/migrations/v27ToV28.ts: OK
src/save/migrations/v28ToV29.ts: OK
src/save/migrations/v29ToV30.ts: OK
src/save/migrations/v2ToV3.ts: OK
src/save/migrations/v30ToV31.ts: OK
src/save/migrations/v31ToV32.ts: OK
src/save/migrations/v32ToV33.ts: OK
src/save/migrations/v33ToV34.ts: OK
src/save/migrations/v34ToV35.ts: OK
src/save/migrations/v35ToV36.ts: OK
src/save/migrations/v36ToV37.ts: OK
src/save/migrations/v37ToV38.ts: OK
src/save/migrations/v38ToV39.ts: OK
src/save/migrations/v39ToV40.ts: OK
src/save/migrations/v3ToV4.ts: OK
src/save/migrations/v40ToV41.ts: OK
src/save/migrations/v41ToV42.ts: OK
src/save/migrations/v42ToV43.ts: OK
src/save/migrations/v43ToV44.ts: OK
src/save/migrations/v44ToV45.ts: OK
src/save/migrations/v45ToV46.ts: OK
src/save/migrations/v46ToV47.ts: OK
src/save/migrations/v4ToV5.ts: OK
src/save/migrations/v5ToV6.ts: OK
src/save/migrations/v6ToV7.ts: OK
src/save/migrations/v7ToV8.ts: OK
src/save/migrations/v8ToV9.ts: OK
src/save/migrations/v9ToV10.ts: OK
src/save/saveCodec.ts: OK
src/save/saveService.ts: OK
src/save/saveStorage.ts: OK
src/save/saveSummary.ts: OK
src/save/saveTypes.ts: OK
src/save/schemaFingerprint.ts: OK
src/save/schemaFingerprint.v1.json: OK
src/save/schemaFingerprint.v10.json: OK
src/save/schemaFingerprint.v11.json: OK
src/save/schemaFingerprint.v12.json: OK
src/save/schemaFingerprint.v13.json: OK
src/save/schemaFingerprint.v14.json: OK
src/save/schemaFingerprint.v15.json: OK
src/save/schemaFingerprint.v16.json: OK
src/save/schemaFingerprint.v17.json: OK
src/save/schemaFingerprint.v18.json: OK
src/save/schemaFingerprint.v19.json: OK
src/save/schemaFingerprint.v2.json: OK
src/save/schemaFingerprint.v20.json: OK
src/save/schemaFingerprint.v21.json: OK
src/save/schemaFingerprint.v22.json: OK
src/save/schemaFingerprint.v23.json: OK
src/save/schemaFingerprint.v24.json: OK
src/save/schemaFingerprint.v25.json: OK
src/save/schemaFingerprint.v26.json: OK
src/save/schemaFingerprint.v27.json: OK
src/save/schemaFingerprint.v28.json: OK
src/save/schemaFingerprint.v29.json: OK
src/save/schemaFingerprint.v3.json: OK
src/save/schemaFingerprint.v30.json: OK
src/save/schemaFingerprint.v31.json: OK
src/save/schemaFingerprint.v32.json: OK
src/save/schemaFingerprint.v33.json: OK
src/save/schemaFingerprint.v34.json: OK
src/save/schemaFingerprint.v35.json: OK
src/save/schemaFingerprint.v36.json: OK
src/save/schemaFingerprint.v37.json: OK
src/save/schemaFingerprint.v38.json: OK
src/save/schemaFingerprint.v39.json: OK
src/save/schemaFingerprint.v4.json: OK
src/save/schemaFingerprint.v40.json: OK
src/save/schemaFingerprint.v41.json: OK
src/save/schemaFingerprint.v42.json: OK
src/save/schemaFingerprint.v43.json: OK
src/save/schemaFingerprint.v44.json: OK
src/save/schemaFingerprint.v45.json: OK
src/save/schemaFingerprint.v46.json: OK
src/save/schemaFingerprint.v47.json: OK
src/save/schemaFingerprint.v5.json: OK
src/save/schemaFingerprint.v6.json: OK
src/save/schemaFingerprint.v7.json: OK
src/save/schemaFingerprint.v8.json: OK
src/save/schemaFingerprint.v9.json: OK
src/state/fixedTickLoop.ts: OK
src/state/gameStore.ts: OK
src/state/gameStore.types.ts: OK
src/state/growthOpening.ts: OK
src/state/newGame.ts: OK
src/state/openingVillage.ts: OK
src/state/saveSystem.ts: OK
src/state/uiChannel.ts: OK
src/styles/alertStack.css: OK
src/styles/buildMenu.css: OK
src/styles/chronicle.css: OK
src/styles/frameTokens.generated.css: OK
src/styles/global.css: OK
src/styles/hudShell.css: OK
src/styles/inspector.css: OK
src/styles/legacy.css: OK
src/styles/paletteVariables.ts: OK
src/styles/resourceBar.css: OK
src/styles/settlement.css: OK
src/styles/stuckGoods.css: OK
src/styles/tutorial.css: OK
src/styles/uiBoundaries.css: OK
src/styles/uiConsole.css: OK
src/styles/uiInspector.css: OK
src/styles/uiKit.css: OK
src/styles/uiSkin.css: OK
src/testing/phase10ProofRuntime.ts: OK
src/testing/proofFrameWork.ts: OK
src/ui/AlertStackView.tsx: OK
src/ui/AudioControls.tsx: OK
src/ui/BuildGlyph.tsx: OK
src/ui/BuildMenu.tsx: OK
src/ui/CauseLegend.tsx: OK
src/ui/EconomyOverlayControls.tsx: OK
src/ui/EraConsole.tsx: OK
src/ui/InfoPanel.tsx: OK
src/ui/InspectorView.tsx: OK
src/ui/LedgerPanel.tsx: OK
src/ui/OverlayControls.tsx: OK
src/ui/PadGlyph.tsx: OK
src/ui/PopulationEventPanel.tsx: OK
src/ui/PredictionPanel.tsx: OK
src/ui/ProblemGlyph.tsx: OK
src/ui/ResourceArtwork.tsx: OK
src/ui/ResourceBar.tsx: OK
src/ui/SaveControls.tsx: OK
src/ui/SettlementPanel.tsx: OK
src/ui/SpeedControls.tsx: OK
src/ui/StoreInspector.tsx: OK
src/ui/UiIcon.tsx: OK
src/ui/aTriplePrimeRoadCopy.ts: OK
src/ui/aTriplePrimeWallCopy.ts: OK
src/ui/alertStackCopy.ko.ts: OK
src/ui/alertStackModel.ts: OK
src/ui/artPatch.ts: OK
src/ui/autoplayCopy.ko.ts: OK
src/ui/autoplayDecisionCache.ts: OK
src/ui/autoplayPresentation.ts: OK
src/ui/buildMenuCopy.ko.ts: OK
src/ui/buildMenuModel.ts: OK
src/ui/buildMenuPresentation.ts: OK
src/ui/buildingOperationCopy.ko.ts: OK
src/ui/calendarArrival.ts: OK
src/ui/calendarArrivalCopy.ko.ts: OK
src/ui/causeMarkerCopy.ko.ts: OK
src/ui/causeRegistry.ts: OK
src/ui/causeRegistryCopy.ko.ts: OK
src/ui/chapterCopy.ko.ts: OK
src/ui/chapterLoadingStore.ts: OK
src/ui/chronicle/BiographyPage.tsx: OK
src/ui/chronicle/ChronicleArtView.tsx: OK
src/ui/chronicle/ChronicleScreen.tsx: OK
src/ui/chronicle/ChronicleTimeline.tsx: OK
src/ui/chronicle/DecisionCompareFrame.tsx: OK
src/ui/chronicle/FactionPage.tsx: OK
src/ui/chronicle/FactionTab.tsx: OK
src/ui/chronicle/FamilyTree.tsx: OK
src/ui/chronicle/RecordCardView.tsx: OK
src/ui/chronicle/SnapshotMapView.tsx: OK
src/ui/chronicle/chronicleScreenCopy.ko.ts: OK
src/ui/chronicle/chronicleScreenModel.ts: OK
src/ui/chronicle/factionInfluenceCopy.ko.ts: OK
src/ui/chronicle/factionInfluenceModel.ts: OK
src/ui/chronicle/factionTabModel.ts: OK
src/ui/chronicle/familyTreeCopy.ko.ts: OK
src/ui/chronicle/familyTreeModel.ts: OK
src/ui/chronicle/paintedSlots.ts: OK
src/ui/chronicleCopy.ko.ts: OK
src/ui/chronicleModel.ts: OK
src/ui/completionToast.ts: OK
src/ui/completionToastCopy.ko.ts: OK
src/ui/constructionAccessModel.ts: OK
src/ui/constructionBlockerCopy.ko.ts: OK
src/ui/constructionBlockerLine.ts: OK
src/ui/constructionDeadlockCopy.ko.ts: OK
src/ui/constructionMaterialDiagnosis.ts: OK
src/ui/constructionMaterialDiagnosisCopy.ko.ts: OK
src/ui/constructionSiteCardCopy.ko.ts: OK
src/ui/constructionSiteCardModel.ts: OK
src/ui/decisionCopy.ko.ts: OK
src/ui/decisionModels.ts: OK
src/ui/diagnosticOverlayModel.ts: OK
src/ui/distributorMissedRouteReason.ts: OK
src/ui/distributorRouteCopy.ko.ts: OK
src/ui/distributorRouteHistory.ts: OK
src/ui/drainToolModel.ts: OK
src/ui/drainageCopy.ko.ts: OK
src/ui/endingArt.ts: OK
src/ui/endingArtManifest.generated.ts: OK
src/ui/eraCeremonyModel.tsx: OK
src/ui/eraConsoleCopy.ko.ts: OK
src/ui/eraConsoleModel.ts: OK
src/ui/eventStory.ts: OK
src/ui/eventStoryCopy.ko.ts: OK
src/ui/farmsteadCropCopy.ko.ts: OK
src/ui/farmsteadCropModel.ts: OK
src/ui/frameBox.ts: OK
src/ui/frameTokens.generated.ts: OK
src/ui/gameTimeCopy.ko.ts: OK
src/ui/heirCandidateModel.ts: OK
src/ui/heraldry/EmblemImage.tsx: OK
src/ui/heraldry/heraldry.ts: OK
src/ui/houseAleCopy.ko.ts: OK
src/ui/houseAleModel.ts: OK
src/ui/houseDiagnosisCopy.ko.ts: OK
src/ui/houseDiagnosisModel.ts: OK
src/ui/housePressureCopy.ko.ts: OK
src/ui/houseProgressCopy.ko.ts: OK
src/ui/houseProgressModel.ts: OK
src/ui/householdLabourCopy.ko.ts: OK
src/ui/householdLabourModel.ts: OK
src/ui/hud/EventCards.tsx: OK
src/ui/hud/HudShell.tsx: OK
src/ui/hud/LedgerStockTable.tsx: OK
src/ui/hud/PlacementConfirmBar.tsx: OK
src/ui/hud/SeasonLedgerCard.tsx: OK
src/ui/hud/SeasonStrip.tsx: OK
src/ui/hud/StoryModals.tsx: OK
src/ui/hud/StuckGoodsChip.tsx: OK
src/ui/hud/ZoneToolbar.tsx: OK
src/ui/hud/chapterLedgerTotals.ts: OK
src/ui/hud/guidanceSample.ts: OK
src/ui/hud/hudCopy.ko.ts: OK
src/ui/hud/legacyLedgerCopy.ko.ts: OK
src/ui/hud/legacyLedgerModel.ts: OK
src/ui/hud/placementConfirmCopy.ko.ts: OK
src/ui/hud/reorgLedgerCopy.ko.ts: OK
src/ui/hud/reorgLedgerModel.ts: OK
src/ui/hud/statusPillModel.ts: OK
src/ui/hud/textCut.ts: OK
src/ui/hud/useStoryPresentation.ts: OK
src/ui/hud/wageLedgerCopy.ko.ts: OK
src/ui/hud/wageLedgerModel.ts: OK
src/ui/hud/zoneToolbarCopy.ko.ts: OK
src/ui/inputHintCopy.ko.ts: OK
src/ui/inspectorCopy.ko.ts: OK
src/ui/inspectorModel.ts: OK
src/ui/kit/Button.tsx: OK
src/ui/kit/Controls.tsx: OK
src/ui/kit/Disclosure.tsx: OK
src/ui/kit/Frame.tsx: OK
src/ui/kit/NumberField.tsx: OK
src/ui/kit/Select.tsx: OK
src/ui/kit/UiKitGallery.tsx: OK
src/ui/kit/index.ts: OK
src/ui/kit/kitProps.ts: OK
src/ui/kit/uiKitGalleryCopy.ko.ts: OK
src/ui/labourCopy.ko.ts: OK
src/ui/landChoice.ts: OK
src/ui/landPickerCopy.ko.ts: OK
src/ui/landPreview.ts: OK
src/ui/ledgerModel.ts: OK
src/ui/ledgerPanelModel.ts: OK
src/ui/legacy/ChronicleBook.tsx: OK
src/ui/legacy/LegacyEndingScreen.tsx: OK
src/ui/legacy/chapterRecords.ts: OK
src/ui/legacy/legacyScreenCopy.ko.ts: OK
src/ui/legacy/legacyScreenModel.ts: OK
src/ui/legacyGoalProgress.ts: OK
src/ui/lordshipCopy.ko.ts: OK
src/ui/lordshipModel.ts: OK
src/ui/marketReachCopy.ko.ts: OK
src/ui/marketReachModel.ts: OK
src/ui/money.ko.ts: OK
src/ui/moneyPrediction.ts: OK
src/ui/nat1PseudoLong.ts: OK
src/ui/nat1TextBoxCopy.ko.ts: OK
src/ui/onboardingArableGuidance.ts: OK
src/ui/onboardingBuildingTaskProgress.ts: OK
src/ui/onboardingFoodChainGuidance.ts: OK
src/ui/onboardingForestGuidance.ts: OK
src/ui/onboardingGuidanceGeometry.ts: OK
src/ui/onboardingHouseGuidance.ts: OK
src/ui/onboardingTaskCopy.ko.ts: OK
src/ui/onboardingTaskModel.ts: OK
src/ui/onboardingWorldGuidance.ts: OK
src/ui/onboardingWorldGuidanceCopy.ko.ts: OK
src/ui/padGlyphs.ts: OK
src/ui/persons/PersonViews.tsx: OK
src/ui/persons/personModels.ts: OK
src/ui/persons/personStateCopy.ko.ts: OK
src/ui/persons/personStates.ts: OK
src/ui/persons/personTraitCopy.ko.ts: OK
src/ui/persons/personsCopy.ko.ts: OK
src/ui/persons/resemblance.ts: OK
src/ui/petitionCopy.ko.ts: OK
src/ui/petitionPresentation.ts: OK
src/ui/placementAutoOverlay.ts: OK
src/ui/placementChip.ts: OK
src/ui/placementChipCopy.ko.ts: OK
src/ui/placementPrediction.ts: OK
src/ui/plagueUiCopy.ko.ts: OK
src/ui/populationEventModel.ts: OK
src/ui/portraitArt.ts: OK
src/ui/portraitArtManifest.generated.ts: OK
src/ui/portraitSilhouette.ts: OK
src/ui/predictionCache.ts: OK
src/ui/predictionRegistry.ts: OK
src/ui/predictionTypes.ts: OK
src/ui/problemCauseCopy.ko.ts: OK
src/ui/problemCauseModel.ts: OK
src/ui/problemViewShortcut.ts: OK
src/ui/qa/QaOverlay.tsx: OK
src/ui/qa/qaOverlayCopy.ko.ts: OK
src/ui/qa/qaOverlayModel.ts: OK
src/ui/qa/qaProbe.ts: OK
src/ui/resourceBarCopy.ko.ts: OK
src/ui/resourceChainArt.ts: OK
src/ui/resourceCounterTween.ts: OK
src/ui/resourceTrend.ts: OK
src/ui/roadPlacementCopy.ko.ts: OK
src/ui/screens/AppModals.tsx: OK
src/ui/screens/LandPicker.tsx: OK
src/ui/screens/WelcomeScreen.tsx: OK
src/ui/seasonLedgerCard.ts: OK
src/ui/seasonLedgerCopy.ko.ts: OK
src/ui/seasonLedgerPreference.ts: OK
src/ui/seasonLedgerScenes.ts: OK
src/ui/seasonStrip.ts: OK
src/ui/seasonStripCopy.ko.ts: OK
src/ui/serviceDiagnosisCopy.ko.ts: OK
src/ui/serviceDiagnosisModel.ts: OK
src/ui/settlementGuidanceCopy.ko.ts: OK
src/ui/settlementGuidanceModel.ts: OK
src/ui/settlementPanelCopy.ko.ts: OK
src/ui/speedSeals.ts: OK
src/ui/stateMachine/uiStateMachine.ts: OK
src/ui/stateMachine/useUiStateMachine.ts: OK
src/ui/storageOverflowCopy.ko.ts: OK
src/ui/storageOverflowModel.ts: OK
src/ui/storeInspectorCopy.ko.ts: OK
src/ui/storeInspectorModel.ts: OK
src/ui/storeStockHistory.ts: OK
src/ui/storyArt.ts: OK
src/ui/stuckGoodsCopy.ko.ts: OK
src/ui/stuckGoodsModel.ts: OK
src/ui/surfaces.registry.ts: OK
src/ui/titleCopy.ko.ts: OK
src/ui/townAleCopy.ko.ts: OK
src/ui/townAleModel.ts: OK
src/ui/townClothCopy.ko.ts: OK
src/ui/townClothModel.ts: OK
src/ui/tutorial/TutorialShell.tsx: OK
src/ui/tutorial/tutorialCopy.ko.ts: OK
src/ui/tutorial/tutorialMapChannel.ts: OK
src/ui/tutorial/tutorialModel.ts: OK
src/ui/tutorial/tutorialStore.ts: OK
src/ui/tutorial/useTutorialController.ts: OK
src/ui/uiArt.ts: OK
src/ui/uiArtManifest.generated.ts: OK
src/ui/uiConsole.css: OK
src/ui/useInputDevice.ts: OK
src/ui/usePresentationClock.ts: OK
src/ui/useTickObservers.ts: OK
src/ui/walkerDiagnosisCopy.ko.ts: OK
src/ui/walkerDiagnosisModel.ts: OK
src/ui/wallCarryCopy.ko.ts: OK
src/ui/wallDraftCopy.ko.ts: OK
src/ui/wallExpansionCopy.ko.ts: OK
src/ui/wallExpansionModel.ts: OK
src/ui/wallPrediction.ts: OK
src/ui/wave14Art.ts: OK
src/ui/wave14ArtManifest.generated.ts: OK
src/ui/wave16Art.ts: OK
src/ui/wave16ArtManifest.generated.ts: OK
src/ui/wave17Art.ts: OK
src/ui/wave17ArtManifest.generated.ts: OK
src/ui/wave19Art.ts: OK
src/ui/wave19ArtManifest.generated.ts: OK
src/ui/wave21Art.ts: OK
src/ui/wave21ArtManifest.generated.ts: OK
src/ui/wave25Art.ts: OK
src/ui/wave25ArtManifest.generated.ts: OK
src/ui/wave31Art.ts: OK
src/ui/wave31ArtManifest.generated.ts: OK
src/ui/wave33Art.ts: OK
src/ui/wave33ArtManifest.generated.ts: OK
src/ui/wave8Art.ts: OK
src/ui/wave8ArtManifest.generated.ts: OK
src/ui/zonePrediction.ts: OK
src/world/archetypeGround.ts: OK
src/world/archetypeTerrain.ts: OK
src/world/boundary/arableFields.ts: OK
src/world/boundary/boundaryGeometry.ts: OK
src/world/boundary/boundaryTolerance.ts: OK
src/world/boundary/buildingGrounds.ts: OK
src/world/boundary/cellContours.ts: OK
src/world/boundary/roadCenterline.ts: OK
src/world/boundary/roadRibbonLayout.ts: OK
src/world/boundary/shoreline.ts: OK
src/world/boundary/terrainBoundaries.ts: OK
src/world/boundary/wallBaseline.ts: OK
src/world/boundary/yardProps.ts: OK
src/world/boundary/zoneBoundaries.ts: OK
src/world/bridges.ts: OK
src/world/essentialResources.ts: OK
src/world/grid.ts: OK
src/world/noise.ts: OK
src/world/palisadeGeometry.ts: OK
src/world/palisadeLandEnvelope.ts: OK
src/world/placement.ts: OK
src/world/river.ts: OK
src/world/roadGraph.ts: OK
src/world/roadTopologySignature.ts: OK
src/world/terrain.ts: OK
src/world/wallTraversal.ts: OK
src/world/world.types.ts: OK
src/zones/arable.types.ts: OK
src/zones/arableCopy.ko.ts: OK
src/zones/arableFields.ts: OK
src/zones/arableOutlook.ts: OK
src/zones/arableStrips.ts: OK
src/zones/parcels.ts: OK
src/zones/zone.types.ts: OK
src/zones/zoneCopy.ko.ts: OK
src/zones/zoneEdits.ts: OK
src/zones/zoneFillAgent.ts: OK
src/zones/zonePlacement.ts: OK
src/zones/zoneRaster.ts: OK
src/zones/zoneSettlement.ts: OK
src/zones/zoneValidation.ts: OK
