✔ advanceTick allocates labour before production and runs one production step (7.96325ms)
✔ advanceTick spawns a carter from producer stock using road-access routes (1.061041ms)
✔ advanceTick steps distributors before housing so bread service is visible same tick (0.380667ms)
✔ advanceTick assigns post-production builders and derives stable builder walkers (0.541041ms)
✔ advanceTick never starves active production for construction builders (0.275667ms)
✔ advanceTick reserves palisade-era wall labour before production during the first six hundred simulation ticks (0.391584ms)
✔ advanceFrame applies the palisade labour boundary by simulation tick instead of wall tick or speed (0.585667ms)
✔ scripted palisade labour trace shows a production dip without one hundred twenty stalled productive ticks (10.374208ms)
✔ runProduction records the nearest unrecorded forest after successful logging output (1.389666ms)
✔ logging harvest history advances without duplicate coordinates and stays canonical (0.094333ms)
✔ logging continues normally when all visual forest coordinates are already recorded (0.066875ms)
✔ non-output and non-logging production never append forest history (0.096292ms)
✔ forest harvest helper sorts by tick, y, then x and exposes the old stump boundary (0.095792ms)
✔ economy hashes include canonical forest harvest history (0.249042ms)
✔ object render static cache invalidates when forest harvest history changes (0.427792ms)
✔ DEFAULT_GAME_STATE starts with a deterministic populated world and no presentation fields (1.659125ms)
✔ placeBuilding immutably appends a deterministic construction site and preserves stock (0.765667ms)
✔ gameReducer cancel_construction removes the site and clears occupied tiles (0.678083ms)
✔ placeBuilding returns the original state when placement or timber validation fails (0.0715ms)
✔ placeRoadLine immutably marks every normalized road tile without spending timber (0.280125ms)
✔ placeRoadLine is atomic and returns the original state when any normalized tile is invalid (0.15575ms)
✔ placeRoadLine endpoint validation rejects fractional and extreme out-of-bounds endpoints (0.052667ms)
✔ gameReducer routes typed domain actions and invalid placements preserve object identity (0.248625ms)
✔ advance tick exposes opening household workers while preserving a production-free starting world (7.184375ms)
✔ Phase 3 balance constants retain the foundation values plus the measured opening grant (1.351333ms)
✔ Phase 3 building table includes chapel without changing ordinary building economics (0.132292ms)
✔ Phase 3 housing table matches the exact level requirements (0.072709ms)
✔ DEFAULT_GAME_STATE seeds the authored opening household and path cache fields (0.1165ms)
✔ placeBuilding creates newly placed houses as pending construction sites (0.740875ms)
✔ placeBuilding commits timber without duplicating physical stock (0.174208ms)
✔ placeRoadLine increments road revision and clears cached paths only when a road is placed (0.2255ms)
✔ objectRenderItemsForFrame reuses the static object queue when only walkers move (1.726167ms)
✔ objectRenderItemsForFrame invalidates static cache when culling changes visible tiles (0.487542ms)
✔ objectRenderItemsForFrame excludes buildings outside depth and diagonal culling (0.122959ms)
✔ objectRenderItemsForFrame excludes walkers outside depth and diagonal culling (0.1075ms)
✔ objectRenderItemsForFrame includes a building when any footprint tile is visible (0.146916ms)
✔ render modules do not bypass the universal style helper for direct strokes or effects (31.205833ms)
✔ source files keep palette literals and sprite blits behind the Phase 4D boundaries (16.639959ms)
✔ GameCanvas starts world asset preload without blocking first paint (0.508666ms)
✔ renderFrame derives and draws onboarding world guidance without changing its public input (0.431ms)
✔ renderFrame computes the object queue once and reuses it across ground and object passes (0.466875ms)
✔ Phase 5 render files stay below the pure LOC ceiling (2.181292ms)
✔ Phase 5 render implementation files avoid TypeScript escape hatches (1.590041ms)
ℹ tests 43
ℹ suites 0
ℹ pass 43
ℹ fail 0
ℹ cancelled 0
ℹ skipped 0
ℹ todo 0
ℹ duration_ms 162.679334
