2026-09-29T16:46:52.278Z
EARLY 봉건 영주 시뮬레이터
1322년 겨울
인구 112
식량 115일
1182d
설정
대기근
젖은 여름
권리 복원 청원

아직 마친 목표가 없습니다

일손이 남습니다 — 건설을 늘리거나 경작지·헛간을 넓히세요
목책 마을 · 도시 발전 조건
물·빵 15/15가구
펼치기
직접
구역
방향
건설
장부
청지기
청원한 사람들
랠프 드 스탠미어
솔트월드 백작의 수장 · 42살
권리 복원 청원

보낸 이: 솔트월드 백작

쇠퇴 때 잃은 권리를 넘겨받은 쪽이 되사기를 제안합니다.

수락
100d에 권리를 되삽니다 · 칭호도 곧바로 돌아옵니다
두 계절 뒤 예측 ·
가격을 붙여 수락
값을 깎아 50d에 되삽니다 · 칭호는 한 해 뒤에 돌아옵니다
두 계절 뒤 예측 ·
거절
거절합니다 · 한 해 뒤에 다시 청해 옵니다
두 계절 뒤 예측 ·
나중에 정하기
FIVE 봉건 영주 시뮬레이터
1399년 겨울
인구 768
식량 334일
87370d
설정
제5장 · 자치와 유산
0/1
목표 기록
직접
구역
방향
건설
장부
청지기

영주님, 창고 넘침: 넘침 4 · 귀환 화물을 임시 보관 중
