✔ baseline: current text panels still declare repeated parchment imagery (4.356166ms)
✖ release contrast gate exists and reports audited selector ratios (325.420584ms)
✖ text-bearing CSS zones use flat audited backgrounds (1.676916ms)
✖ numeric ledger text is monospace right-aligned and darker than labels (0.599667ms)
ℹ tests 4
ℹ suites 0
ℹ pass 1
ℹ fail 3
ℹ cancelled 0
ℹ skipped 0
ℹ todo 0
ℹ duration_ms 431.939333

✖ failing tests:

test at tests/contrastGate.test.ts:1:789
✖ release contrast gate exists and reports audited selector ratios (325.420584ms)
  AssertionError [ERR_ASSERTION]: node:internal/modules/esm/resolve:271
      throw new ERR_MODULE_NOT_FOUND(
            ^

  Error [ERR_MODULE_NOT_FOUND]: Cannot find module '/Users/rexxa/.config/superpowers/worktrees/feudal-lord-simulator/stage3-palisade-age/scripts/checkContrast.ts' imported from /Users/rexxa/.config/superpowers/worktrees/feudal-lord-simulator/stage3-palisade-age/
      at finalizeResolution (node:internal/modules/esm/resolve:271:11)
      at moduleResolve (node:internal/modules/esm/resolve:861:10)
      at defaultResolve (node:internal/modules/esm/resolve:988:11)
      at #cachedDefaultResolve (node:internal/modules/esm/loader:697:20)
      at #resolveAndMaybeBlockOnLoaderThread (node:internal/modules/esm/loader:714:38)
      at nextStep (node:internal/modules/customization_hooks:189:26)
      at resolveBaseSync (file:///Users/rexxa/.config/superpowers/worktrees/feudal-lord-simulator/stage3-palisade-age/node_modules/tsx/dist/register-B_kKY3fL.mjs:2:9102)
      at resolveDirectorySync (file:///Users/rexxa/.config/superpowers/worktrees/feudal-lord-simulator/stage3-palisade-age/node_modules/tsx/dist/register-B_kKY3fL.mjs:2:10315)
      at resolveTsPathsSync (file:///Users/rexxa/.config/superpowers/worktrees/feudal-lord-simulator/stage3-palisade-age/node_modules/tsx/dist/register-B_kKY3fL.mjs:2:11547)
      at resolve (file:///Users/rexxa/.config/superpowers/worktrees/feudal-lord-simulator/stage3-palisade-age/node_modules/tsx/dist/register-B_kKY3fL.mjs:2:13365) {
    code: 'ERR_MODULE_NOT_FOUND',
    url: 'file:///Users/rexxa/.config/superpowers/worktrees/feudal-lord-simulator/stage3-palisade-age/scripts/checkContrast.ts'
  }

  Node.js v25.8.2


  1 !== 0

      at TestContext.<anonymous> (/Users/rexxa/.config/superpowers/worktrees/feudal-lord-simulator/stage3-palisade-age/tests/contrastGate.test.ts:39:10)
      at Test.runInAsyncScope (node:async_hooks:226:14)
      at Test.run (node:internal/test_runner/test:1201:25)
      at Test.processPendingSubtests (node:internal/test_runner/test:831:18)
      at Test.postRun (node:internal/test_runner/test:1330:19)
      at Test.run (node:internal/test_runner/test:1258:12)
      at async startSubtestAfterBootstrap (node:internal/test_runner/harness:385:3) {
    generatedMessage: false,
    code: 'ERR_ASSERTION',
    actual: 1,
    expected: 0,
    operator: 'strictEqual',
    diff: 'simple'
  }

test at tests/contrastGate.test.ts:1:1225
✖ text-bearing CSS zones use flat audited backgrounds (1.676916ms)
  AssertionError [ERR_ASSERTION]: Expected values to be strictly deep-equal:
  + actual - expected

  + [
  +   '.welcome-parchment',
  +   '.population-event-panel',
  +   '.court-ledger',
  +   '.economy-overlays',
  +   '.onboarding-task',
  +   '.seal-tooltip'
  + ]
  - []

      at TestContext.<anonymous> (/Users/rexxa/.config/superpowers/worktrees/feudal-lord-simulator/stage3-palisade-age/tests/contrastGate.test.ts:64:10)
      at async Test.run (node:internal/test_runner/test:1208:7)
      at async Test.processPendingSubtests (node:internal/test_runner/test:831:7) {
    generatedMessage: true,
    code: 'ERR_ASSERTION',
    actual: [ '.welcome-parchment', '.population-event-panel', '.court-ledger', '.economy-overlays', '.onboarding-task', '.seal-tooltip' ],
    expected: [],
    operator: 'deepStrictEqual',
    diff: 'simple'
  }

test at tests/contrastGate.test.ts:1:1812
✖ numeric ledger text is monospace right-aligned and darker than labels (0.599667ms)
  AssertionError [ERR_ASSERTION]: The input did not match the regular expression /color:\s*var\(--palette-ink-light\);/. Input:

  '\n' +
    '  min-width: 0;\n' +
    '  margin: 0;\n' +
    '  overflow: hidden;\n' +
    '  text-overflow: ellipsis;\n' +
    '  white-space: nowrap;\n'

      at TestContext.<anonymous> (/Users/rexxa/.config/superpowers/worktrees/feudal-lord-simulator/stage3-palisade-age/tests/contrastGate.test.ts:74:10)
      at async Test.run (node:internal/test_runner/test:1208:7)
      at async Test.processPendingSubtests (node:internal/test_runner/test:831:7) {
    generatedMessage: true,
    code: 'ERR_ASSERTION',
    actual: '\n  min-width: 0;\n  margin: 0;\n  overflow: hidden;\n  text-overflow: ellipsis;\n  white-space: nowrap;\n',
    expected: /color:\s*var\(--palette-ink-light\);/,
    operator: 'match',
    diff: 'simple'
  }
