
> feudal-lord-simulator@0.1.0 dev
> vite --host 127.0.0.1 --port 5179


  VITE v8.2.0  ready in 185 ms

  ➜  Local:   http://127.0.0.1:5179/
  ➜  press h + enter to show help
Assets in public directory cannot be imported from JavaScript.
If you intend to import that asset, put the file in the src directory, and use /src/assets/world_asset_manifest.json instead of /public/assets/world_asset_manifest.json.
If you intend to use the URL of that asset, use /assets/world_asset_manifest.json?url.
Assets in public directory cannot be imported from JavaScript.
If you intend to import that asset, put the file in the src directory, and use /src/assets/world_asset_manifest.json instead of /public/assets/world_asset_manifest.json.
If you intend to use the URL of that asset, use /assets/world_asset_manifest.json?url.
Assets in public directory cannot be imported from JavaScript.
If you intend to import that asset, put the file in the src directory, and use /src/assets/world_asset_manifest.json instead of /public/assets/world_asset_manifest.json.
If you intend to use the URL of that asset, use /assets/world_asset_manifest.json?url.
Assets in public directory cannot be imported from JavaScript.
If you intend to import that asset, put the file in the src directory, and use /src/assets/world_asset_manifest.json instead of /public/assets/world_asset_manifest.json.
If you intend to use the URL of that asset, use /assets/world_asset_manifest.json?url.
Assets in public directory cannot be imported from JavaScript.
If you intend to import that asset, put the file in the src directory, and use /src/assets/world_asset_manifest.json instead of /public/assets/world_asset_manifest.json.
If you intend to use the URL of that asset, use /assets/world_asset_manifest.json?url.
Assets in public directory cannot be imported from JavaScript.
If you intend to import that asset, put the file in the src directory, and use /src/assets/world_asset_manifest.json instead of /public/assets/world_asset_manifest.json.
If you intend to use the URL of that asset, use /assets/world_asset_manifest.json?url.
Assets in public directory cannot be imported from JavaScript.
If you intend to import that asset, put the file in the src directory, and use /src/assets/world_asset_manifest.json instead of /public/assets/world_asset_manifest.json.
If you intend to use the URL of that asset, use /assets/world_asset_manifest.json?url.
Assets in public directory cannot be imported from JavaScript.
If you intend to import that asset, put the file in the src directory, and use /src/assets/world_asset_manifest.json instead of /public/assets/world_asset_manifest.json.
If you intend to use the URL of that asset, use /assets/world_asset_manifest.json?url.
12:26:00 AM [vite] (client) page reload .omo/evidence/phase8-presentation-completion/ui-lane-fix/build-menu-harness.html
Assets in public directory cannot be imported from JavaScript.
If you intend to import that asset, put the file in the src directory, and use /src/assets/world_asset_manifest.json instead of /public/assets/world_asset_manifest.json.
If you intend to use the URL of that asset, use /assets/world_asset_manifest.json?url.
Assets in public directory cannot be imported from JavaScript.
If you intend to import that asset, put the file in the src directory, and use /src/assets/world_asset_manifest.json instead of /public/assets/world_asset_manifest.json.
If you intend to use the URL of that asset, use /assets/world_asset_manifest.json?url.
12:26:54 AM [vite] (client) hmr update /src/styles/global.css
Assets in public directory cannot be imported from JavaScript.
If you intend to import that asset, put the file in the src directory, and use /src/assets/world_asset_manifest.json instead of /public/assets/world_asset_manifest.json.
If you intend to use the URL of that asset, use /assets/world_asset_manifest.json?url.
Assets in public directory cannot be imported from JavaScript.
If you intend to import that asset, put the file in the src directory, and use /src/assets/world_asset_manifest.json instead of /public/assets/world_asset_manifest.json.
If you intend to use the URL of that asset, use /assets/world_asset_manifest.json?url.
Assets in public directory cannot be imported from JavaScript.
If you intend to import that asset, put the file in the src directory, and use /src/assets/world_asset_manifest.json instead of /public/assets/world_asset_manifest.json.
If you intend to use the URL of that asset, use /assets/world_asset_manifest.json?url.
Assets in public directory cannot be imported from JavaScript.
If you intend to import that asset, put the file in the src directory, and use /src/assets/world_asset_manifest.json instead of /public/assets/world_asset_manifest.json.
If you intend to use the URL of that asset, use /assets/world_asset_manifest.json?url.
Assets in public directory cannot be imported from JavaScript.
If you intend to import that asset, put the file in the src directory, and use /src/assets/world_asset_manifest.json instead of /public/assets/world_asset_manifest.json.
If you intend to use the URL of that asset, use /assets/world_asset_manifest.json?url.
Assets in public directory cannot be imported from JavaScript.
If you intend to import that asset, put the file in the src directory, and use /src/assets/world_asset_manifest.json instead of /public/assets/world_asset_manifest.json.
If you intend to use the URL of that asset, use /assets/world_asset_manifest.json?url.
Assets in public directory cannot be imported from JavaScript.
If you intend to import that asset, put the file in the src directory, and use /src/assets/world_asset_manifest.json instead of /public/assets/world_asset_manifest.json.
If you intend to use the URL of that asset, use /assets/world_asset_manifest.json?url.
Assets in public directory cannot be imported from JavaScript.
If you intend to import that asset, put the file in the src directory, and use /src/assets/world_asset_manifest.json instead of /public/assets/world_asset_manifest.json.
If you intend to use the URL of that asset, use /assets/world_asset_manifest.json?url.
12:27:11 AM [vite] (client) page reload .omo/evidence/phase8-presentation-completion/ui-lane-fix/build-menu-harness.html
Assets in public directory cannot be imported from JavaScript.
If you intend to import that asset, put the file in the src directory, and use /src/assets/world_asset_manifest.json instead of /public/assets/world_asset_manifest.json.
If you intend to use the URL of that asset, use /assets/world_asset_manifest.json?url.
Assets in public directory cannot be imported from JavaScript.
If you intend to import that asset, put the file in the src directory, and use /src/assets/world_asset_manifest.json instead of /public/assets/world_asset_manifest.json.
If you intend to use the URL of that asset, use /assets/world_asset_manifest.json?url.
12:27:47 AM [vite] (client) hmr update /src/styles/global.css
Assets in public directory cannot be imported from JavaScript.
If you intend to import that asset, put the file in the src directory, and use /src/assets/world_asset_manifest.json instead of /public/assets/world_asset_manifest.json.
If you intend to use the URL of that asset, use /assets/world_asset_manifest.json?url.
Assets in public directory cannot be imported from JavaScript.
If you intend to import that asset, put the file in the src directory, and use /src/assets/world_asset_manifest.json instead of /public/assets/world_asset_manifest.json.
If you intend to use the URL of that asset, use /assets/world_asset_manifest.json?url.
Assets in public directory cannot be imported from JavaScript.
If you intend to import that asset, put the file in the src directory, and use /src/assets/world_asset_manifest.json instead of /public/assets/world_asset_manifest.json.
If you intend to use the URL of that asset, use /assets/world_asset_manifest.json?url.
Assets in public directory cannot be imported from JavaScript.
If you intend to import that asset, put the file in the src directory, and use /src/assets/world_asset_manifest.json instead of /public/assets/world_asset_manifest.json.
If you intend to use the URL of that asset, use /assets/world_asset_manifest.json?url.
Assets in public directory cannot be imported from JavaScript.
If you intend to import that asset, put the file in the src directory, and use /src/assets/world_asset_manifest.json instead of /public/assets/world_asset_manifest.json.
If you intend to use the URL of that asset, use /assets/world_asset_manifest.json?url.
Assets in public directory cannot be imported from JavaScript.
If you intend to import that asset, put the file in the src directory, and use /src/assets/world_asset_manifest.json instead of /public/assets/world_asset_manifest.json.
If you intend to use the URL of that asset, use /assets/world_asset_manifest.json?url.
Assets in public directory cannot be imported from JavaScript.
If you intend to import that asset, put the file in the src directory, and use /src/assets/world_asset_manifest.json instead of /public/assets/world_asset_manifest.json.
If you intend to use the URL of that asset, use /assets/world_asset_manifest.json?url.
Assets in public directory cannot be imported from JavaScript.
If you intend to import that asset, put the file in the src directory, and use /src/assets/world_asset_manifest.json instead of /public/assets/world_asset_manifest.json.
If you intend to use the URL of that asset, use /assets/world_asset_manifest.json?url.
12:28:15 AM [vite] (client) page reload .omo/evidence/phase8-presentation-completion/ui-lane-fix/build-menu-harness.html
Assets in public directory cannot be imported from JavaScript.
If you intend to import that asset, put the file in the src directory, and use /src/assets/world_asset_manifest.json instead of /public/assets/world_asset_manifest.json.
If you intend to use the URL of that asset, use /assets/world_asset_manifest.json?url.
Assets in public directory cannot be imported from JavaScript.
If you intend to import that asset, put the file in the src directory, and use /src/assets/world_asset_manifest.json instead of /public/assets/world_asset_manifest.json.
If you intend to use the URL of that asset, use /assets/world_asset_manifest.json?url.
Assets in public directory cannot be imported from JavaScript.
If you intend to import that asset, put the file in the src directory, and use /src/assets/world_asset_manifest.json instead of /public/assets/world_asset_manifest.json.
If you intend to use the URL of that asset, use /assets/world_asset_manifest.json?url.
Assets in public directory cannot be imported from JavaScript.
If you intend to import that asset, put the file in the src directory, and use /src/assets/world_asset_manifest.json instead of /public/assets/world_asset_manifest.json.
If you intend to use the URL of that asset, use /assets/world_asset_manifest.json?url.
12:28:54 AM [vite] (client) hmr update /src/styles/global.css
12:29:10 AM [vite] (client) hmr update /src/styles/global.css
Assets in public directory cannot be imported from JavaScript.
If you intend to import that asset, put the file in the src directory, and use /src/assets/world_asset_manifest.json instead of /public/assets/world_asset_manifest.json.
If you intend to use the URL of that asset, use /assets/world_asset_manifest.json?url.
Assets in public directory cannot be imported from JavaScript.
If you intend to import that asset, put the file in the src directory, and use /src/assets/world_asset_manifest.json instead of /public/assets/world_asset_manifest.json.
If you intend to use the URL of that asset, use /assets/world_asset_manifest.json?url.
Assets in public directory cannot be imported from JavaScript.
If you intend to import that asset, put the file in the src directory, and use /src/assets/world_asset_manifest.json instead of /public/assets/world_asset_manifest.json.
If you intend to use the URL of that asset, use /assets/world_asset_manifest.json?url.
Assets in public directory cannot be imported from JavaScript.
If you intend to import that asset, put the file in the src directory, and use /src/assets/world_asset_manifest.json instead of /public/assets/world_asset_manifest.json.
If you intend to use the URL of that asset, use /assets/world_asset_manifest.json?url.
Assets in public directory cannot be imported from JavaScript.
If you intend to import that asset, put the file in the src directory, and use /src/assets/world_asset_manifest.json instead of /public/assets/world_asset_manifest.json.
If you intend to use the URL of that asset, use /assets/world_asset_manifest.json?url.
Assets in public directory cannot be imported from JavaScript.
If you intend to import that asset, put the file in the src directory, and use /src/assets/world_asset_manifest.json instead of /public/assets/world_asset_manifest.json.
If you intend to use the URL of that asset, use /assets/world_asset_manifest.json?url.
Assets in public directory cannot be imported from JavaScript.
If you intend to import that asset, put the file in the src directory, and use /src/assets/world_asset_manifest.json instead of /public/assets/world_asset_manifest.json.
If you intend to use the URL of that asset, use /assets/world_asset_manifest.json?url.
Assets in public directory cannot be imported from JavaScript.
If you intend to import that asset, put the file in the src directory, and use /src/assets/world_asset_manifest.json instead of /public/assets/world_asset_manifest.json.
If you intend to use the URL of that asset, use /assets/world_asset_manifest.json?url.
12:29:28 AM [vite] (client) page reload .omo/evidence/phase8-presentation-completion/ui-lane-fix/build-menu-harness.html
Assets in public directory cannot be imported from JavaScript.
If you intend to import that asset, put the file in the src directory, and use /src/assets/world_asset_manifest.json instead of /public/assets/world_asset_manifest.json.
If you intend to use the URL of that asset, use /assets/world_asset_manifest.json?url.
Assets in public directory cannot be imported from JavaScript.
If you intend to import that asset, put the file in the src directory, and use /src/assets/world_asset_manifest.json instead of /public/assets/world_asset_manifest.json.
If you intend to use the URL of that asset, use /assets/world_asset_manifest.json?url.
