.omo/evidence/phase8-presentation-completion/task-7/dgx/preflight.log
.omo/evidence/phase8-presentation-completion/task-7/dgx/remote-patch-cleanup.log
.omo/evidence/phase8-presentation-completion/task-7/dgx/scp-patch.log
.omo/evidence/phase8-presentation-completion/task-7/dgx/todo7-owned-code.patch
.omo/evidence/phase8-presentation-completion/task-7/dgx/worldAssetRelease.ffmpeg.log
.omo/evidence/phase8-presentation-completion/task-7/done-claim.md
.omo/evidence/phase8-presentation-completion/task-7/git-scope-repair.log
.omo/evidence/phase8-presentation-completion/task-7/green/assetRelease.attempt1.log
.omo/evidence/phase8-presentation-completion/task-7/green/diff-check.final.log
.omo/evidence/phase8-presentation-completion/task-7/green/diff-check.green.log
.omo/evidence/phase8-presentation-completion/task-7/green/generateWorldAssets.final.log
.omo/evidence/phase8-presentation-completion/task-7/green/generateWorldAssets.green.log
.omo/evidence/phase8-presentation-completion/task-7/green/typecheck.attempt1.log
.omo/evidence/phase8-presentation-completion/task-7/green/typecheck.attempt2.log
.omo/evidence/phase8-presentation-completion/task-7/green/typecheck.final.log
.omo/evidence/phase8-presentation-completion/task-7/green/typecheck.green.log
.omo/evidence/phase8-presentation-completion/task-7/green/worldAssetManifest.attempt1.log
.omo/evidence/phase8-presentation-completion/task-7/green/worldAssetManifest.final.log
.omo/evidence/phase8-presentation-completion/task-7/green/worldAssetManifest.green.log
.omo/evidence/phase8-presentation-completion/task-7/green/worldAssetRelease.filename-slice.final.log
.omo/evidence/phase8-presentation-completion/task-7/green/worldAssetRelease.filename-slice.green.log
.omo/evidence/phase8-presentation-completion/task-7/green/worldSpritePipeline.final.log
.omo/evidence/phase8-presentation-completion/task-7/green/worldSpritePipeline.green.log
.omo/evidence/phase8-presentation-completion/task-7/manual/cleanup-receipt.log
.omo/evidence/phase8-presentation-completion/task-7/manual/generateWorldAssets.dry-run.full.1.json
.omo/evidence/phase8-presentation-completion/task-7/manual/generateWorldAssets.dry-run.full.2.json
.omo/evidence/phase8-presentation-completion/task-7/manual/generateWorldAssets.dry-run.full.json
.omo/evidence/phase8-presentation-completion/task-7/manual/generateWorldAssets.dry-run.summary.log
.omo/evidence/phase8-presentation-completion/task-7/manual/generateWorldAssets.dry-run.tree_oak_large.json
.omo/evidence/phase8-presentation-completion/task-7/manual/generateWorldAssets.dry-run.twice.summary.log
.omo/evidence/phase8-presentation-completion/task-7/manual/local-ffmpeg-probe.log
.omo/evidence/phase8-presentation-completion/task-7/manual/synthetic-verifier/bad-dimension.log
.omo/evidence/phase8-presentation-completion/task-7/manual/synthetic-verifier/bad-hash.log
.omo/evidence/phase8-presentation-completion/task-7/manual/synthetic-verifier/exact-set.log
.omo/evidence/phase8-presentation-completion/task-7/manual/synthetic-verifier/missing-file.log
.omo/evidence/phase8-presentation-completion/task-7/manual/synthetic-verifier/mutations.summary.log
.omo/evidence/phase8-presentation-completion/task-7/manual/synthetic-verifier/valid.log
.omo/evidence/phase8-presentation-completion/task-7/manual/syntheticVerifierCli.ts
.omo/evidence/phase8-presentation-completion/task-7/recovery/baseline-focused.log
.omo/evidence/phase8-presentation-completion/task-7/recovery/recovery-receipt.txt
.omo/evidence/phase8-presentation-completion/task-7/recovery/worldAssetContracts.interrupted.diff
.omo/evidence/phase8-presentation-completion/task-7/red/strict-contract-red.log
scripts/generateWorldAssets.py
scripts/preparePhase4eAssets.ts
scripts/prepareWorldAssets.ts
scripts/verifyWorldAssets.ts
scripts/worldAssetContracts.ts
scripts/worldAssetManifest.ts
scripts/worldSpritePipeline.ts
tests/test_generate_world_assets.py
tests/worldAssetManifest.test.ts
tests/worldAssetRelease.test.ts
tests/worldSpritePipeline.test.ts
