✔ palette CSS variables expose every semantic compatibility colour (1.09725ms)
✔ game speed keeps a fixed frame interval while speed controls substeps (0.056583ms)
✔ minimap sampling is bounded deterministic and terrain-derived (0.142375ms)
✔ the actual app renders one continuous accessible court console (17.496625ms)
✔ reusable console controls create unique referenced DOM and SVG ids (8.567083ms)
✔ build seals surface the road and armed styling states for the console layout (1.336166ms)
✔ console CSS uses every generated surface and rejects web-dashboard styling (6.73525ms)
✔ app shell cannot scroll focused console controls out of the viewport (0.424584ms)
✔ ledger recess keeps responsive controls inside the viewport (0.343584ms)
✔ short landscape consoles use the same compact readable ledger and overlay labels (0.318584ms)
✔ the browser shell declares a request-free favicon for clean fresh-load QA (0.411917ms)
✔ CourtLedger keeps old call sites and can display the Phase 3 economy totals (5.292584ms)
✔ CourtLedger exposes compact primary labels and marks secondary rows for narrow consoles (1.1345ms)
✔ CourtLedger keeps full semantic term names when compact labels are aria-hidden (1.044542ms)
✔ economy overlay controls expose visible water and labour toggles without camera-key collisions (16.394584ms)
✔ economy overlay controls expose compact visible labels without changing accessible names (8.492167ms)
✔ economy overlay controls render inside the right console recess instead of as persistent floating UI (6.282458ms)
✔ the onboarding task list replaces the distant population objective in the right console (4.255833ms)
✔ sixty-tick guidance sampling does not schedule state from an effect on every simulation tick (3.658292ms)
✔ build groups use explicit containers so neighboring buttons cannot intercept clicks (0.563ms)
✔ settlement guidance advances population targets and samples priority on a sixty tick cadence (0.205875ms)
✔ settlement guidance priority follows the exact Phase 4F blocker order (0.17275ms)
✔ settlement problem glyphs appear only for real water bread labour and storage conditions (0.660875ms)
✔ water overlay draws well coverage and marks dry houses in vermilion (0.572125ms)
✔ water coverage uses the same bounded Manhattan radius as well service (0.093041ms)
✔ labour overlay highlights only buildings below their worker requirement (0.083292ms)
✔ renderer overlay input is optional so existing renderFrame callers remain source-compatible (0.036042ms)
✔ economy overlay CSS stays fixed and tokenized (1.645333ms)
ℹ tests 28
ℹ suites 0
ℹ pass 28
ℹ fail 0
ℹ cancelled 0
ℹ skipped 0
ℹ todo 0
ℹ duration_ms 281.767708
