node:internal/modules/esm/resolve:271
    throw new ERR_MODULE_NOT_FOUND(
          ^

Error [ERR_MODULE_NOT_FOUND]: Cannot find module '/Users/rexxa/.config/superpowers/worktrees/feudal-lord-simulator/stage3-palisade-age/src/engine/forestHarvests' imported from /Users/rexxa/.config/superpowers/worktrees/feudal-lord-simulator/stage3-palisade-age/tests/forestHarvests.test.ts
    at finalizeResolution (node:internal/modules/esm/resolve:271:11)
    at moduleResolve (node:internal/modules/esm/resolve:861:10)
    at defaultResolve (node:internal/modules/esm/resolve:988:11)
    at #cachedDefaultResolve (node:internal/modules/esm/loader:697:20)
    at #resolveAndMaybeBlockOnLoaderThread (node:internal/modules/esm/loader:714:38)
    at nextStep (node:internal/modules/customization_hooks:189:26)
    at resolveBaseSync (file:///Users/rexxa/.config/superpowers/worktrees/feudal-lord-simulator/stage3-palisade-age/node_modules/tsx/dist/register-B_kKY3fL.mjs:2:9102)
    at resolveDirectorySync (file:///Users/rexxa/.config/superpowers/worktrees/feudal-lord-simulator/stage3-palisade-age/node_modules/tsx/dist/register-B_kKY3fL.mjs:2:10315)
    at resolveTsPathsSync (file:///Users/rexxa/.config/superpowers/worktrees/feudal-lord-simulator/stage3-palisade-age/node_modules/tsx/dist/register-B_kKY3fL.mjs:2:11547)
    at resolve (file:///Users/rexxa/.config/superpowers/worktrees/feudal-lord-simulator/stage3-palisade-age/node_modules/tsx/dist/register-B_kKY3fL.mjs:2:13365) {
  code: 'ERR_MODULE_NOT_FOUND',
  url: 'file:///Users/rexxa/.config/superpowers/worktrees/feudal-lord-simulator/stage3-palisade-age/src/engine/forestHarvests'
}

Node.js v25.8.2
✖ tests/forestHarvests.test.ts (118.962208ms)
ℹ tests 1
ℹ suites 0
ℹ pass 0
ℹ fail 1
ℹ cancelled 0
ℹ skipped 0
ℹ todo 0
ℹ duration_ms 124.630833

✖ failing tests:

test at tests/forestHarvests.test.ts:1:1
✖ tests/forestHarvests.test.ts (118.962208ms)
  'test failed'
