✔ palette CSS variables expose every semantic compatibility colour (1.28875ms)
✔ game speed keeps a fixed frame interval while speed controls substeps (0.060833ms)
✔ minimap sampling is bounded deterministic and terrain-derived (0.133333ms)
✔ the actual app renders one continuous accessible court console (17.849ms)
✔ reusable console controls create unique referenced DOM and SVG ids (8.384833ms)
✔ build seals surface the road and armed styling states for the console layout (1.305542ms)
✔ console CSS uses every generated surface and rejects web-dashboard styling (6.190375ms)
✔ app shell cannot scroll focused console controls out of the viewport (0.442417ms)
✔ ledger recess keeps responsive controls inside the viewport (0.420416ms)
✔ short landscape consoles use the same compact readable ledger and overlay labels (0.528959ms)
✔ the browser shell declares a request-free favicon for clean fresh-load QA (0.260125ms)
✔ CourtLedger keeps old call sites and can display the Phase 3 economy totals (4.805583ms)
✔ CourtLedger exposes compact primary labels and marks secondary rows for narrow consoles (1.046458ms)
✔ economy overlay controls expose visible water and labour toggles without camera-key collisions (16.784834ms)
✔ economy overlay controls expose compact visible labels without changing accessible names (7.400333ms)
✔ economy overlay controls render inside the right console recess instead of as persistent floating UI (7.2945ms)
✔ the onboarding task list replaces the distant population objective in the right console (4.624041ms)
✔ sixty-tick guidance sampling does not schedule state from an effect on every simulation tick (3.621ms)
✔ build groups use explicit containers so neighboring buttons cannot intercept clicks (0.53425ms)
✔ settlement guidance advances population targets and samples priority on a sixty tick cadence (0.0985ms)
✔ settlement guidance priority follows the exact Phase 4F blocker order (0.161708ms)
✔ settlement problem glyphs appear only for real water bread labour and storage conditions (0.683292ms)
✔ water overlay draws well coverage and marks dry houses in vermilion (0.605083ms)
✔ water coverage uses the same bounded Manhattan radius as well service (0.091375ms)
✔ labour overlay highlights only buildings below their worker requirement (0.082542ms)
✔ renderer overlay input is optional so existing renderFrame callers remain source-compatible (0.036583ms)
✔ economy overlay CSS stays fixed and tokenized (0.937833ms)
ℹ tests 27
ℹ suites 0
ℹ pass 27
ℹ fail 0
ℹ cancelled 0
ℹ skipped 0
ℹ todo 0
ℹ duration_ms 220.62475
