▶ worldSpritePipeline
  ✔ declares every exact Phase 8 canvas and baseline (1.036416ms)
  ✔ enforces one-tile and two-tile visible-width bands (17.091708ms)
  ✔ requires house alpha-bbox heights to increase from L0 through L3 (0.801334ms)
  ✔ processes a sprite to its exact canvas with a transparent post-baseline margin (14.706417ms)
  ✔ keeps alpha-179 ink only on the exterior upper outline (4.783834ms)
  ✔ makes the worked field dominate wheat-farm visible mass (1.317833ms)
  ✔ enforces the declared roof ramp for each building kind (0.285583ms)
  ✔ restricts foliage interiors to foliage or timber and reserves ink for its outline (2.837209ms)
  ✔ requires both shrub alpha silhouettes to be wider than tall (0.298709ms)
  ✔ removes timber-coloured trunks from shrubs and grass tufts (0.376541ms)
  ✔ keeps field stones in stone or earth ramps (0.363875ms)
  ✔ reports the final opaque bounds used by the contract (0.17ms)
✔ worldSpritePipeline (44.839458ms)
ℹ tests 12
ℹ suites 1
ℹ pass 12
ℹ fail 0
ℹ cancelled 0
ℹ skipped 0
ℹ todo 0
ℹ duration_ms 163.995125
