$ npx tsx --test tests/worldAssetManifest.test.ts
/Users/rexxa/.config/superpowers/worktrees/feudal-lord-simulator/stage3-palisade-age/tests/worldAssetManifest.test.ts:9
  ACCEPTED_REFERENCE_KEYS,
  ^
SyntaxError: The requested module '../scripts/worldAssetContracts' does not provide an export named 'ACCEPTED_REFERENCE_KEYS'
    at #asyncInstantiate (node:internal/modules/esm/module_job:319:21)
    at async ModuleJob.run (node:internal/modules/esm/module_job:422:5)
    at async onImport.tracePromise.__proto__ (node:internal/modules/esm/loader:639:26)
    at async asyncRunEntryPointWithESMLoader (node:internal/modules/run_main:101:5)

Node.js v25.8.2
✖ tests/worldAssetManifest.test.ts (125.383125ms)
ℹ tests 1
ℹ suites 0
ℹ pass 0
ℹ fail 1
ℹ cancelled 0
ℹ skipped 0
ℹ todo 0
ℹ duration_ms 130.740541

✖ failing tests:

test at tests/worldAssetManifest.test.ts:1:1
✖ tests/worldAssetManifest.test.ts (125.383125ms)
  'test failed'

$ python3 -m pytest tests/test_generate_world_assets.py
============================= test session starts ==============================
platform darwin -- Python 3.14.4, pytest-9.0.2, pluggy-1.6.0
rootdir: /Users/rexxa/.config/superpowers/worktrees/feudal-lord-simulator/stage3-palisade-age
plugins: anyio-4.12.1, asyncio-1.3.0
asyncio: mode=Mode.STRICT, debug=False, asyncio_default_fixture_loop_scope=None, asyncio_default_test_loop_scope=function
collected 14 items

tests/test_generate_world_assets.py .FF...F....F..                       [100%]

=================================== FAILURES ===================================
_ WorldAssetGeneratorContractTest.test_catalog_has_exact_133_jobs_and_locked_geometry _

self = <test_generate_world_assets.WorldAssetGeneratorContractTest testMethod=test_catalog_has_exact_133_jobs_and_locked_geometry>

    def test_catalog_has_exact_133_jobs_and_locked_geometry(self) -> None:
        module = load_generator()
    
        buildings = [job for job in module.JOBS if job.category.value == "building"]
        foliage = [job for job in module.JOBS if job.category.value == "foliage"]
        terrain = [job for job in module.JOBS if job.category.value == "terrain"]
>       tree_stumps = [job for job in foliage if job.key in module.TREE_STUMP_GEOMETRY]
                                                            ^^^^^^^^^^^^^^^^^^^^^^^^^^
E       AttributeError: module 'generateWorldAssets' has no attribute 'TREE_STUMP_GEOMETRY'

tests/test_generate_world_assets.py:37: AttributeError
_ WorldAssetGeneratorContractTest.test_dry_run_enumerates_64_tree_stump_candidates_without_comfy_network _

self = <test_generate_world_assets.WorldAssetGeneratorContractTest testMethod=test_dry_run_enumerates_64_tree_stump_candidates_without_comfy_network>

    def test_dry_run_enumerates_64_tree_stump_candidates_without_comfy_network(self) -> None:
        module = load_generator()
        calls: list[str] = []
    
        def fail_api(path: str, body=None):
            calls.append(path)
            raise AssertionError("dry run must not contact ComfyUI")
    
        module.api_json = fail_api
>       document = module.dry_run_manifest(frozenset({"foliage:tree_oak_large"}))
                   ^^^^^^^^^^^^^^^^^^^^^^^
E       AttributeError: module 'generateWorldAssets' has no attribute 'dry_run_manifest'

tests/test_generate_world_assets.py:93: AttributeError
_ WorldAssetGeneratorContractTest.test_prompts_forbid_contact_sheet_content_bleed _

self = <test_generate_world_assets.WorldAssetGeneratorContractTest testMethod=test_prompts_forbid_contact_sheet_content_bleed>

    def test_prompts_forbid_contact_sheet_content_bleed(self) -> None:
        module = load_generator()
    
        workflow = module.workflow_prompt(
>           next(candidate for candidate in module.JOBS if candidate.key == "tree_oak_large"),
            ^^^^^^^^^^^^^^^^^^^^^^^^^^^^^^^^^^^^^^^^^^^^^^^^^^^^^^^^^^^^^^^^^^^^^^^^^^^^^^^^^
            ("phase4c_ref_house.png", "phase4c_ref_mill.png", "phase4c_ref_granary.png"),
            "phase4c_foliage_guide.png",
        )
E       StopIteration

tests/test_generate_world_assets.py:166: StopIteration
_ WorldAssetGeneratorContractTest.test_tree_stump_candidates_have_unique_portable_release_names _

self = <test_generate_world_assets.WorldAssetGeneratorContractTest testMethod=test_tree_stump_candidates_have_unique_portable_release_names>

    def test_tree_stump_candidates_have_unique_portable_release_names(self) -> None:
        module = load_generator()
    
        jobs = [job for job in module.JOBS if job.key == "tree_oak_large"]
>       self.assertEqual(
            [module._release_name(job) for job in jobs],
            [
                "tree_oak_large_01.png",
                "tree_oak_large_02.png",
                "tree_oak_large_03.png",
                "tree_oak_large_04.png",
                "tree_oak_large_05.png",
                "tree_oak_large_06.png",
                "tree_oak_large_07.png",
                "tree_oak_large_08.png",
            ],
        )
E       AssertionError: Lists differ: [] != ['tree_oak_large_01.png', 'tree_oak_large_[153 chars]png']
E       
E       Second list contains 8 additional elements.
E       First extra element 0:
E       'tree_oak_large_01.png'
E       
E       - []
E       + ['tree_oak_large_01.png',
E       +  'tree_oak_large_02.png',
E       +  'tree_oak_large_03.png',
E       +  'tree_oak_large_04.png',
E       +  'tree_oak_large_05.png',
E       +  'tree_oak_large_06.png',
E       +  'tree_oak_large_07.png',
E       +  'tree_oak_large_08.png']

tests/test_generate_world_assets.py:301: AssertionError
=========================== short test summary info ============================
FAILED tests/test_generate_world_assets.py::WorldAssetGeneratorContractTest::test_catalog_has_exact_133_jobs_and_locked_geometry
FAILED tests/test_generate_world_assets.py::WorldAssetGeneratorContractTest::test_dry_run_enumerates_64_tree_stump_candidates_without_comfy_network
FAILED tests/test_generate_world_assets.py::WorldAssetGeneratorContractTest::test_prompts_forbid_contact_sheet_content_bleed
FAILED tests/test_generate_world_assets.py::WorldAssetGeneratorContractTest::test_tree_stump_candidates_have_unique_portable_release_names
========================= 4 failed, 10 passed in 0.60s =========================
